<?php
//passes:OrderUseClauses,AddMissingCurlyBraces,NormalizeLnAndLtrimLines,MergeParenCloseWithCurlyOpen,MergeCurlyCloseAndDoWhile,MergeDoubleArrowAndArray,ExtraCommaInArray,ResizeSpaces,Reindent,ReindentColonBlocks,ReindentIfColonBlocks,ReindentObjOps,EliminateDuplicatedEmptyLines,AlignEquals,AlignDoubleArrow,LeftAlignComment,RTrim,MergeElseIf

if ($a) {
	$b;
} elseif ($b) {
	$c;
}
