<?php
//passes:OrderUseClauses,AddMissingCurlyBraces,SmartLnAfterCurlyOpen,NormalizeLnAndLtrimLines,MergeParenCloseWithCurlyOpen,MergeCurlyCloseAndDoWhile,MergeDoubleArrowAndArray,ExtraCommaInArray,ResizeSpaces,Reindent,ReindentColonBlocks,ReindentLoopColonBlocks,ReindentIfColonBlocks,ReindentObjOps,EliminateDuplicatedEmptyLines,AlignEquals,AlignDoubleArrow,LeftAlignComment,RTrim,ShortArray

$a = ['a'];
$a = (['a']);
