<?php
//passes:MergeNamespaceWithOpenTag,NoSpaceAfterPHPDocBlocks,StripNewlineAfterCurlyOpen,StripNewlineAfterClassOpen,PrettyPrintDocBlocks,AlignTypehint,AlignDoubleSlashComments,GeneratePHPDoc,OrderMethod
$a . $b;
