<?php namespace B;
class A {
	protected function method()
	{
		$this->{"Some{$var}Op"}();
	}

	protected function method2()
	{
		noop();
	}
}
//passes:Default,LaravelStyle
//version:5.5.0
//skipHHVM
