<?php
if (true) {
	if (false) {
		echo 1;
	} elseif (false) {
		echo 2;
	} else {
		echo 3;
	}
}
