<?php
//passes:Default,OrganizeClass
class A {
	use SomeTrait2, SomeTrait3 {
		SomeTrait3::smallTalk insteadof SomeTrait2;
		SomeTrait2::bigTalk insteadof SomeTrait3;
	}
	use SomeTrait4;
	use SomeTrait5, SomeTrait6 {
		SomeTrait6::smallTalk insteadof SomeTrait5;
		SomeTrait5::bigTalk insteadof SomeTrait6;
	}
	use SomeTrait;

	// some trait4
	// some trait5,6

	function b() {

	}

	function c() {
	}

}
