<?php
//passes: SpaceAroundControlStructures

if (true) {
	$label = "{$foo}{$bar}";
}

echo <<<EOT
{$foo}{$bar}
EOT;
