<?php
//passes: AutoSemicolon

/**
 * @param array|string $value
 * @return array|string
 */
function stripslashes_deep($value) {
	$value = is_array($value) ?
	array_map('stripslashes_deep', $value) :
	stripslashes($value);
	return $value;
}

/**
 * @param array|string $value
 * @return array|string
 */
function stripslashes_deep($value) {
	$value = is_array($value) ?
	array_map('stripslashes_deep', $value) :
	stripslashes($value);
	return $value;
}