<?php
function func() {
	$crit = array(
		array(
			'k' => 1,
		)
	);
	$found_props = new ClassObject($crit);
	$found_props = new ClassObject( array(
	array('k' => 1)));
	$expected1 = $this->create(3, 456, 99, array());
	return array(//Comment1
	array(1.22, 32.56, 0, $expected1, $found_props, new Mock(array())), //Comment2
	array(0, 0, 0, null, new Mock(array()), new Mock(array())), //Comment3
	array(0, 0, 85, null, new Mock(array()), new Mock(array())), //Commment4
	array(0, 0, 85, $expected1, new Mock(array()), $found_props), );
}
