<?php
function func($a, $b, array $c = array(), array $d = array(), $d) {
	cmd();
}
