<?php
$positions = Position::with(['something' => function ($query) {
	$query->with(['something'               => function ($query) {
		$query->where('date', '=', 'something');
	}]);

	$query->with(['something'  => function ($query) {
		$query->with(['something' => function ($query) {
			$query->where('date', '=', 'something');
		}]);
	}]);

	$query->with(['something' => function ($query) {
		$query->with('something');
	}]);
}])->get();

function aaa($query) {
	$a;
}

function aaa($query) {$a;
	$b;
}
