<?php
do {
	while (true) {
	}
	while (true) {
	}
} while (true);

do {
	while (true) {
	}

	while (true) {
	}
} while (true);

do {
	while (true) {
	}
	echo 'foo';
	while (true) {
	}
} while (true);

while (true) {
}
while (true) {
}
