<?php
//version:5.5.0
// comment
// comment
// comment
// comment
// comment
// comment

try {
	doSomething();
} catch (Exception $exc) {
	//caught me!
} finally {
	// yeah... finally.
}
