<?php
class Aliased_Talker {
	use A, B {
		B::smallTalkinsteadofA;
		A::bigTalkinsteadofB;
		B::bigTalk as talk;
	}
}
