<?php
//passes:GeneratePHPDoc, Default

class Abc {

	/**
	 * @param ClassA $a
	 * @param \Lll\llll\ppp $b
	 * @param $c
	 */
	function a(ClassA $a, \Lll\llll\ppp $b = 10, $c = array()) {

		return $c;
	}

	/**
	 * @param ClassA $a
	 * @param \Lll\llll\ppp $b
	 * @param $c
	 */
	public static function b(ClassA $a, \Lll\llll\ppp $b = 10, $c = array()) {

		return $c;
	}

	/**
	 * @param ClassA $a
	 * @param \Lll\llll\ppp $b
	 * @param $c
	 */
	static private function b(ClassA $a, \Lll\llll\ppp $b = 10, $c = array()) {

		return $c;
	}
}
