<?php
//passes:PrettyPrintDocBlocks,Default

/**
 * message
 * more message
 *
 * @param  type2    $a descriptionáccented
 * @param  LongType $b description2
 * @return array
 */
function a(type2 $a, LongType $b) {

}