<?php
$array = array(
	'a',
	/*TODO*/
	'k' => 'v',
	/*TODO*/
);
