<?php
do {
	$a = 0;
} while ();
while () {
	$a = 0;
}
while () {
	$a = 0;
}
?>